12345
abc123
password
computer
123456
tigger
1234
a1b2c3
qwerty
123
xxx
money
test
carmen
mickey
secret
summer
internet
service
canada
hello
ranger
shadow
baseball
donald
harley
hockey
letmein
maggie
mike
mustang
snoopy
buster
dragon
jordan
michael
michelle
mindy
patrick
123abc
andrew
bear
calvin
changeme
diamond
fuckme
fuckyou
matthew
miller
ou812
tiger
trustno1
12345678
alex
apple
avalon
brandy
chelsea
coffee
dave
falcon
freedom
gandalf
golf
green
helpme
linda
magic
merlin
molson
newyork
soccer
thomas
wizard
Monday
asdfgh
bandit
batman
boris
butthead
dorothy
eeyore
fishing
football
george
happy
iloveyou
jennifer
jonathan
love
marina
master
missy
monday
monkey
natasha
ncc1701
newpass
pamela
pepper
piglet
poohbear
pookie
rabbit
rachel
rocket
rose
smile
sparky
spring
steven
success
sunshine
thx1138
victoria
whatever
zapata
1
8675309
Internet
amanda
andy
angel
august
barney
biteme
boomer
brian
casey
coke
cowboy
delta
doctor
fisher
foobar
island
john
joshua
karen
marley
orange
please
rascal
richard
sarah
scooter
shalom
silver
skippy
stanley
taylor
welcome
zephyr
111111
1928
aaaaaa
abc
access
albert
alexander
andrea
anna
anthony
asdfjkl;
ashley
basf
basketball
beavis
black
bob
booboo
bradley
brandon
buddy
caitlin
camaro
charlie
chicken
chris
cindy
cricket
dakota
dallas
daniel
david
debbie
dolphin
elephant
emily
fish
fred
friend
fucker
ginger
goodluck
hammer
heather
help
iceman
jason
jessica
jesus
joseph
jupiter
justin
kevin
knight
lacrosse
lakers
lizard
madison
mary
mother
muffin
murphy
ncc1701d
newuser
nirvana
none
paris
pat
pentium
phoenix
picture
rainbow
sandy
saturn
scott
shannon
shithead
skeeter
sophie
special
stephanie
stephen
steve
sweetie
teacher
tennis
test123
